// Jest Snapshot v1, https://goo.gl/fbAQLP

exports[`Button Group renders attached with round shape 1`] = `
@keyframes animation-0 {
  0% {
    -webkit-transform: rotateZ(0deg);
    -moz-transform: rotateZ(0deg);
    -ms-transform: rotateZ(0deg);
    transform: rotateZ(0deg);
  }

  100% {
    -webkit-transform: rotateZ(360deg);
    -moz-transform: rotateZ(360deg);
    -ms-transform: rotateZ(360deg);
    transform: rotateZ(360deg);
  }
}

.emotion-0 {
  display: -webkit-inline-box;
  display: -webkit-inline-flex;
  display: -ms-inline-flexbox;
  display: inline-flex;
  -webkit-flex-direction: row;
  -ms-flex-direction: row;
  flex-direction: row;
  -webkit-align-items: center;
  -webkit-box-align: center;
  -ms-flex-align: center;
  align-items: center;
}

.emotion-1 {
  display: -webkit-inline-box;
  display: -webkit-inline-flex;
  display: -ms-inline-flexbox;
  display: inline-flex;
  margin-left: 0px;
}

.emotion-1:hover {
  z-index: 2;
}

.emotion-2 {
  -webkit-transition: color 200ms ease-in-out,background-color 200ms ease-in-out;
  transition: color 200ms ease-in-out,background-color 200ms ease-in-out;
  vertical-align: middle;
  white-space: nowrap;
  outline: none;
  border: 0;
  background-color: transparent;
  display: -webkit-inline-box;
  display: -webkit-inline-flex;
  display: -ms-inline-flexbox;
  display: inline-flex;
  -webkit-flex-direction: row;
  -ms-flex-direction: row;
  flex-direction: row;
  -webkit-align-items: center;
  -webkit-box-align: center;
  -ms-flex-align: center;
  align-items: center;
  cursor: pointer;
  padding: 5px 16px;
  border-top-left-radius: 999px;
  border-bottom-left-radius: 999px;
  color: #fff;
  background-color: #134ae0;
}

.emotion-2:hover {
  color: #fff;
}

.emotion-2:active {
  -webkit-transition: none;
  transition: none;
  color: #fff;
}

.emotion-2:disabled {
  color: #fff;
}

.emotion-2:hover {
  background-color: #175ceb;
}

.emotion-2:active {
  -webkit-transition: none;
  transition: none;
  background-color: #083bc7;
}

.emotion-2:disabled {
  background-color: #99beff;
}

.emotion-3 {
  font-size: 14px;
  font-weight: normal;
  font-stretch: normal;
  font-style: normal;
  line-height: 22px;
  letter-spacing: normal;
}

.emotion-4 {
  display: -webkit-inline-box;
  display: -webkit-inline-flex;
  display: -ms-inline-flexbox;
  display: inline-flex;
  margin-left: -1px;
}

.emotion-4:hover {
  z-index: 2;
}

.emotion-5 {
  -webkit-transition: color 200ms ease-in-out,background-color 200ms ease-in-out;
  transition: color 200ms ease-in-out,background-color 200ms ease-in-out;
  vertical-align: middle;
  white-space: nowrap;
  outline: none;
  border: 0;
  background-color: transparent;
  display: -webkit-inline-box;
  display: -webkit-inline-flex;
  display: -ms-inline-flexbox;
  display: inline-flex;
  -webkit-flex-direction: row;
  -ms-flex-direction: row;
  flex-direction: row;
  -webkit-align-items: center;
  -webkit-box-align: center;
  -ms-flex-align: center;
  align-items: center;
  cursor: pointer;
  padding: 5px 16px;
  border-radius: 0;
  color: #fff;
  background-color: #134ae0;
}

.emotion-5:hover {
  color: #fff;
}

.emotion-5:active {
  -webkit-transition: none;
  transition: none;
  color: #fff;
}

.emotion-5:disabled {
  color: #fff;
}

.emotion-5:hover {
  background-color: #175ceb;
}

.emotion-5:active {
  -webkit-transition: none;
  transition: none;
  background-color: #083bc7;
}

.emotion-5:disabled {
  background-color: #99beff;
}

.emotion-6 {
  display: -webkit-inline-box;
  display: -webkit-inline-flex;
  display: -ms-inline-flexbox;
  display: inline-flex;
  -webkit-flex-direction: row;
  -ms-flex-direction: row;
  flex-direction: row;
  -webkit-align-items: center;
  -webkit-box-align: center;
  -ms-flex-align: center;
  align-items: center;
  font-size: 12px;
  margin-right: 8px;
}

.emotion-12 {
  -webkit-transition: color 200ms ease-in-out,background-color 200ms ease-in-out;
  transition: color 200ms ease-in-out,background-color 200ms ease-in-out;
  vertical-align: middle;
  white-space: nowrap;
  outline: none;
  border: 0;
  background-color: transparent;
  display: -webkit-inline-box;
  display: -webkit-inline-flex;
  display: -ms-inline-flexbox;
  display: inline-flex;
  -webkit-flex-direction: row;
  -ms-flex-direction: row;
  flex-direction: row;
  -webkit-align-items: center;
  -webkit-box-align: center;
  -ms-flex-align: center;
  align-items: center;
  cursor: pointer;
  padding: 4px 15px;
  border-radius: 0;
  color: #134ae0;
  border: solid 1px #134ae0;
}

.emotion-12:hover {
  color: #175ceb;
}

.emotion-12:active {
  -webkit-transition: none;
  transition: none;
  color: #083bc7;
}

.emotion-12:disabled {
  color: #99beff;
}

.emotion-12:hover {
  border: solid 1px #175ceb;
}

.emotion-12:active {
  -webkit-transition: none;
  transition: none;
  border: solid 1px #083bc7;
}

.emotion-12:disabled {
  border: solid 1px #99beff;
}

.emotion-16 {
  -webkit-transition: color 200ms ease-in-out,background-color 200ms ease-in-out;
  transition: color 200ms ease-in-out,background-color 200ms ease-in-out;
  vertical-align: middle;
  white-space: nowrap;
  outline: none;
  border: 0;
  background-color: transparent;
  display: -webkit-inline-box;
  display: -webkit-inline-flex;
  display: -ms-inline-flexbox;
  display: inline-flex;
  -webkit-flex-direction: row;
  -ms-flex-direction: row;
  flex-direction: row;
  -webkit-align-items: center;
  -webkit-box-align: center;
  -ms-flex-align: center;
  align-items: center;
  cursor: default;
  padding: 5px 16px;
  border-radius: 0;
  color: #fff;
  background-color: #134ae0;
}

.emotion-16:hover {
  color: #fff;
}

.emotion-16:active {
  -webkit-transition: none;
  transition: none;
  color: #fff;
}

.emotion-16:disabled {
  color: #fff;
}

.emotion-16:hover {
  background-color: #175ceb;
}

.emotion-16:active {
  -webkit-transition: none;
  transition: none;
  background-color: #083bc7;
}

.emotion-16:disabled {
  background-color: #99beff;
}

.emotion-18 {
  -webkit-animation: 1s linear infinite animation-0;
  animation: 1s linear infinite animation-0;
  vertical-align: middle;
}

.emotion-26 {
  -webkit-transition: color 200ms ease-in-out,background-color 200ms ease-in-out;
  transition: color 200ms ease-in-out,background-color 200ms ease-in-out;
  vertical-align: middle;
  white-space: nowrap;
  outline: none;
  border: 0;
  background-color: transparent;
  display: -webkit-inline-box;
  display: -webkit-inline-flex;
  display: -ms-inline-flexbox;
  display: inline-flex;
  -webkit-flex-direction: row;
  -ms-flex-direction: row;
  flex-direction: row;
  -webkit-align-items: center;
  -webkit-box-align: center;
  -ms-flex-align: center;
  align-items: center;
  cursor: default;
  -webkit-box-pack: center;
  -ms-flex-pack: center;
  -webkit-justify-content: center;
  justify-content: center;
  width: 32px;
  height: 32px;
  font-size: 12px;
  border-radius: 0;
  color: #fff;
  background-color: #134ae0;
}

.emotion-26:hover {
  color: #fff;
}

.emotion-26:active {
  -webkit-transition: none;
  transition: none;
  color: #fff;
}

.emotion-26:disabled {
  color: #fff;
}

.emotion-26:hover {
  background-color: #175ceb;
}

.emotion-26:active {
  -webkit-transition: none;
  transition: none;
  background-color: #083bc7;
}

.emotion-26:disabled {
  background-color: #99beff;
}

.emotion-27 {
  display: -webkit-inline-box;
  display: -webkit-inline-flex;
  display: -ms-inline-flexbox;
  display: inline-flex;
  -webkit-flex-direction: row;
  -ms-flex-direction: row;
  flex-direction: row;
  -webkit-align-items: center;
  -webkit-box-align: center;
  -ms-flex-align: center;
  align-items: center;
  -webkit-box-pack: center;
  -ms-flex-pack: center;
  -webkit-justify-content: center;
  justify-content: center;
}

.emotion-30 {
  -webkit-transition: color 200ms ease-in-out,background-color 200ms ease-in-out;
  transition: color 200ms ease-in-out,background-color 200ms ease-in-out;
  vertical-align: middle;
  white-space: nowrap;
  outline: none;
  border: 0;
  background-color: transparent;
  display: -webkit-inline-box;
  display: -webkit-inline-flex;
  display: -ms-inline-flexbox;
  display: inline-flex;
  -webkit-flex-direction: row;
  -ms-flex-direction: row;
  flex-direction: row;
  -webkit-align-items: center;
  -webkit-box-align: center;
  -ms-flex-align: center;
  align-items: center;
  cursor: not-allowed;
  padding: 5px 16px;
  border-top-right-radius: 999px;
  border-bottom-right-radius: 999px;
  color: #fff;
  background-color: #134ae0;
}

.emotion-30:hover {
  color: #fff;
}

.emotion-30:active {
  -webkit-transition: none;
  transition: none;
  color: #fff;
}

.emotion-30:disabled {
  color: #fff;
}

.emotion-30:hover {
  background-color: #175ceb;
}

.emotion-30:active {
  -webkit-transition: none;
  transition: none;
  background-color: #083bc7;
}

.emotion-30:disabled {
  background-color: #99beff;
}

<div
  class="emotion-0"
  data-testid="test-button-group"
>
  <span
    class="emotion-1"
  >
    <button
      class="emotion-2"
    >
      <span
        class="emotion-3"
      >
        Hello
      </span>
    </button>
  </span>
  <span
    class="emotion-4"
  >
    <button
      class="emotion-5"
    >
      <span
        class="emotion-6"
      >
        <svg
          fill="currentColor"
          height="1em"
          stroke="currentColor"
          stroke-width="0"
          viewBox="0 0 16 16"
          width="1em"
          xmlns="http://www.w3.org/2000/svg"
        >
          <path
            d="M16 8.049c0-4.446-3.582-8.05-8-8.05C3.58 0-.002 3.603-.002 8.05c0 4.017 2.926 7.347 6.75 7.951v-5.625h-2.03V8.05H6.75V6.275c0-2.017 1.195-3.131 3.022-3.131.876 0 1.791.157 1.791.157v1.98h-1.009c-.993 0-1.303.621-1.303 1.258v1.51h2.218l-.354 2.326H9.25V16c3.824-.604 6.75-3.934 6.75-7.951z"
          />
        </svg>
      </span>
      <span
        class="emotion-3"
      >
        Hello
      </span>
    </button>
  </span>
  <span
    class="emotion-4"
  >
    <button
      class="emotion-5"
    >
      <span
        class="emotion-3"
      >
        Hello
      </span>
    </button>
  </span>
  <span
    class="emotion-4"
  >
    <button
      class="emotion-12"
    >
      <span
        class="emotion-6"
      >
        <svg
          fill="currentColor"
          height="1em"
          stroke="currentColor"
          stroke-width="0"
          viewBox="0 0 16 16"
          width="1em"
          xmlns="http://www.w3.org/2000/svg"
        >
          <path
            d="M16 8.049c0-4.446-3.582-8.05-8-8.05C3.58 0-.002 3.603-.002 8.05c0 4.017 2.926 7.347 6.75 7.951v-5.625h-2.03V8.05H6.75V6.275c0-2.017 1.195-3.131 3.022-3.131.876 0 1.791.157 1.791.157v1.98h-1.009c-.993 0-1.303.621-1.303 1.258v1.51h2.218l-.354 2.326H9.25V16c3.824-.604 6.75-3.934 6.75-7.951z"
          />
        </svg>
      </span>
      <span
        class="emotion-3"
      >
        Hello
      </span>
    </button>
  </span>
  <span
    class="emotion-4"
  >
    <button
      class="emotion-16"
      disabled=""
    >
      <span
        class="emotion-6"
      >
        <svg
          class="emotion-18"
          color="currentColor"
          fill="none"
          height="1em"
          viewBox="0 0 12 12"
          width="1em"
        >
          <title>
            LoadingIcon
          </title>
          <path
            d="M5.25.75A.75.75 0 0 1 6 0a6 6 0 1 1-6 6 .75.75 0 0 1 1.5 0A4.5 4.5 0 1 0 6 1.5a.75.75 0 0 1-.75-.75z"
            fill="currentColor"
          />
        </svg>
      </span>
      <span
        class="emotion-3"
      >
        Hello
      </span>
    </button>
  </span>
  <span
    class="emotion-4"
  >
    <button
      class="emotion-16"
      disabled=""
    >
      <span
        class="emotion-6"
      >
        <svg
          class="emotion-18"
          color="currentColor"
          fill="none"
          height="1em"
          viewBox="0 0 12 12"
          width="1em"
        >
          <title>
            LoadingIcon
          </title>
          <path
            d="M5.25.75A.75.75 0 0 1 6 0a6 6 0 1 1-6 6 .75.75 0 0 1 1.5 0A4.5 4.5 0 1 0 6 1.5a.75.75 0 0 1-.75-.75z"
            fill="currentColor"
          />
        </svg>
      </span>
      <span
        class="emotion-3"
      >
        Loading
      </span>
    </button>
  </span>
  <span
    class="emotion-4"
  >
    <button
      class="emotion-26"
      disabled=""
    >
      <span
        class="emotion-27"
      >
        <svg
          class="emotion-18"
          color="currentColor"
          fill="none"
          height="1em"
          viewBox="0 0 12 12"
          width="1em"
        >
          <title>
            LoadingIcon
          </title>
          <path
            d="M5.25.75A.75.75 0 0 1 6 0a6 6 0 1 1-6 6 .75.75 0 0 1 1.5 0A4.5 4.5 0 1 0 6 1.5a.75.75 0 0 1-.75-.75z"
            fill="currentColor"
          />
        </svg>
      </span>
    </button>
  </span>
  <span
    class="emotion-4"
  >
    <button
      class="emotion-30"
      disabled=""
    >
      <span
        class="emotion-3"
      >
        Text
      </span>
    </button>
  </span>
</div>
`;

exports[`Button Group renders attached with square shape 1`] = `
@keyframes animation-0 {
  0% {
    -webkit-transform: rotateZ(0deg);
    -moz-transform: rotateZ(0deg);
    -ms-transform: rotateZ(0deg);
    transform: rotateZ(0deg);
  }

  100% {
    -webkit-transform: rotateZ(360deg);
    -moz-transform: rotateZ(360deg);
    -ms-transform: rotateZ(360deg);
    transform: rotateZ(360deg);
  }
}

.emotion-0 {
  display: -webkit-inline-box;
  display: -webkit-inline-flex;
  display: -ms-inline-flexbox;
  display: inline-flex;
  -webkit-flex-direction: row;
  -ms-flex-direction: row;
  flex-direction: row;
  -webkit-align-items: center;
  -webkit-box-align: center;
  -ms-flex-align: center;
  align-items: center;
}

.emotion-1 {
  display: -webkit-inline-box;
  display: -webkit-inline-flex;
  display: -ms-inline-flexbox;
  display: inline-flex;
  margin-left: 0px;
}

.emotion-1:hover {
  z-index: 2;
}

.emotion-2 {
  -webkit-transition: color 200ms ease-in-out,background-color 200ms ease-in-out;
  transition: color 200ms ease-in-out,background-color 200ms ease-in-out;
  vertical-align: middle;
  white-space: nowrap;
  outline: none;
  border: 0;
  background-color: transparent;
  display: -webkit-inline-box;
  display: -webkit-inline-flex;
  display: -ms-inline-flexbox;
  display: inline-flex;
  -webkit-flex-direction: row;
  -ms-flex-direction: row;
  flex-direction: row;
  -webkit-align-items: center;
  -webkit-box-align: center;
  -ms-flex-align: center;
  align-items: center;
  cursor: pointer;
  padding: 5px 16px;
  border-top-left-radius: 4px;
  border-bottom-left-radius: 4px;
  color: #fff;
  background-color: #134ae0;
}

.emotion-2:hover {
  color: #fff;
}

.emotion-2:active {
  -webkit-transition: none;
  transition: none;
  color: #fff;
}

.emotion-2:disabled {
  color: #fff;
}

.emotion-2:hover {
  background-color: #175ceb;
}

.emotion-2:active {
  -webkit-transition: none;
  transition: none;
  background-color: #083bc7;
}

.emotion-2:disabled {
  background-color: #99beff;
}

.emotion-3 {
  font-size: 14px;
  font-weight: normal;
  font-stretch: normal;
  font-style: normal;
  line-height: 22px;
  letter-spacing: normal;
}

.emotion-4 {
  display: -webkit-inline-box;
  display: -webkit-inline-flex;
  display: -ms-inline-flexbox;
  display: inline-flex;
  margin-left: -1px;
}

.emotion-4:hover {
  z-index: 2;
}

.emotion-5 {
  -webkit-transition: color 200ms ease-in-out,background-color 200ms ease-in-out;
  transition: color 200ms ease-in-out,background-color 200ms ease-in-out;
  vertical-align: middle;
  white-space: nowrap;
  outline: none;
  border: 0;
  background-color: transparent;
  display: -webkit-inline-box;
  display: -webkit-inline-flex;
  display: -ms-inline-flexbox;
  display: inline-flex;
  -webkit-flex-direction: row;
  -ms-flex-direction: row;
  flex-direction: row;
  -webkit-align-items: center;
  -webkit-box-align: center;
  -ms-flex-align: center;
  align-items: center;
  cursor: pointer;
  padding: 5px 16px;
  border-radius: 0;
  color: #fff;
  background-color: #134ae0;
}

.emotion-5:hover {
  color: #fff;
}

.emotion-5:active {
  -webkit-transition: none;
  transition: none;
  color: #fff;
}

.emotion-5:disabled {
  color: #fff;
}

.emotion-5:hover {
  background-color: #175ceb;
}

.emotion-5:active {
  -webkit-transition: none;
  transition: none;
  background-color: #083bc7;
}

.emotion-5:disabled {
  background-color: #99beff;
}

.emotion-6 {
  display: -webkit-inline-box;
  display: -webkit-inline-flex;
  display: -ms-inline-flexbox;
  display: inline-flex;
  -webkit-flex-direction: row;
  -ms-flex-direction: row;
  flex-direction: row;
  -webkit-align-items: center;
  -webkit-box-align: center;
  -ms-flex-align: center;
  align-items: center;
  font-size: 12px;
  margin-right: 8px;
}

.emotion-12 {
  -webkit-transition: color 200ms ease-in-out,background-color 200ms ease-in-out;
  transition: color 200ms ease-in-out,background-color 200ms ease-in-out;
  vertical-align: middle;
  white-space: nowrap;
  outline: none;
  border: 0;
  background-color: transparent;
  display: -webkit-inline-box;
  display: -webkit-inline-flex;
  display: -ms-inline-flexbox;
  display: inline-flex;
  -webkit-flex-direction: row;
  -ms-flex-direction: row;
  flex-direction: row;
  -webkit-align-items: center;
  -webkit-box-align: center;
  -ms-flex-align: center;
  align-items: center;
  cursor: pointer;
  padding: 4px 15px;
  border-radius: 0;
  color: #134ae0;
  border: solid 1px #134ae0;
}

.emotion-12:hover {
  color: #175ceb;
}

.emotion-12:active {
  -webkit-transition: none;
  transition: none;
  color: #083bc7;
}

.emotion-12:disabled {
  color: #99beff;
}

.emotion-12:hover {
  border: solid 1px #175ceb;
}

.emotion-12:active {
  -webkit-transition: none;
  transition: none;
  border: solid 1px #083bc7;
}

.emotion-12:disabled {
  border: solid 1px #99beff;
}

.emotion-16 {
  -webkit-transition: color 200ms ease-in-out,background-color 200ms ease-in-out;
  transition: color 200ms ease-in-out,background-color 200ms ease-in-out;
  vertical-align: middle;
  white-space: nowrap;
  outline: none;
  border: 0;
  background-color: transparent;
  display: -webkit-inline-box;
  display: -webkit-inline-flex;
  display: -ms-inline-flexbox;
  display: inline-flex;
  -webkit-flex-direction: row;
  -ms-flex-direction: row;
  flex-direction: row;
  -webkit-align-items: center;
  -webkit-box-align: center;
  -ms-flex-align: center;
  align-items: center;
  cursor: default;
  padding: 5px 16px;
  border-radius: 0;
  color: #fff;
  background-color: #134ae0;
}

.emotion-16:hover {
  color: #fff;
}

.emotion-16:active {
  -webkit-transition: none;
  transition: none;
  color: #fff;
}

.emotion-16:disabled {
  color: #fff;
}

.emotion-16:hover {
  background-color: #175ceb;
}

.emotion-16:active {
  -webkit-transition: none;
  transition: none;
  background-color: #083bc7;
}

.emotion-16:disabled {
  background-color: #99beff;
}

.emotion-18 {
  -webkit-animation: 1s linear infinite animation-0;
  animation: 1s linear infinite animation-0;
  vertical-align: middle;
}

.emotion-26 {
  -webkit-transition: color 200ms ease-in-out,background-color 200ms ease-in-out;
  transition: color 200ms ease-in-out,background-color 200ms ease-in-out;
  vertical-align: middle;
  white-space: nowrap;
  outline: none;
  border: 0;
  background-color: transparent;
  display: -webkit-inline-box;
  display: -webkit-inline-flex;
  display: -ms-inline-flexbox;
  display: inline-flex;
  -webkit-flex-direction: row;
  -ms-flex-direction: row;
  flex-direction: row;
  -webkit-align-items: center;
  -webkit-box-align: center;
  -ms-flex-align: center;
  align-items: center;
  cursor: default;
  -webkit-box-pack: center;
  -ms-flex-pack: center;
  -webkit-justify-content: center;
  justify-content: center;
  width: 32px;
  height: 32px;
  font-size: 12px;
  border-radius: 0;
  color: #fff;
  background-color: #134ae0;
}

.emotion-26:hover {
  color: #fff;
}

.emotion-26:active {
  -webkit-transition: none;
  transition: none;
  color: #fff;
}

.emotion-26:disabled {
  color: #fff;
}

.emotion-26:hover {
  background-color: #175ceb;
}

.emotion-26:active {
  -webkit-transition: none;
  transition: none;
  background-color: #083bc7;
}

.emotion-26:disabled {
  background-color: #99beff;
}

.emotion-27 {
  display: -webkit-inline-box;
  display: -webkit-inline-flex;
  display: -ms-inline-flexbox;
  display: inline-flex;
  -webkit-flex-direction: row;
  -ms-flex-direction: row;
  flex-direction: row;
  -webkit-align-items: center;
  -webkit-box-align: center;
  -ms-flex-align: center;
  align-items: center;
  -webkit-box-pack: center;
  -ms-flex-pack: center;
  -webkit-justify-content: center;
  justify-content: center;
}

.emotion-30 {
  -webkit-transition: color 200ms ease-in-out,background-color 200ms ease-in-out;
  transition: color 200ms ease-in-out,background-color 200ms ease-in-out;
  vertical-align: middle;
  white-space: nowrap;
  outline: none;
  border: 0;
  background-color: transparent;
  display: -webkit-inline-box;
  display: -webkit-inline-flex;
  display: -ms-inline-flexbox;
  display: inline-flex;
  -webkit-flex-direction: row;
  -ms-flex-direction: row;
  flex-direction: row;
  -webkit-align-items: center;
  -webkit-box-align: center;
  -ms-flex-align: center;
  align-items: center;
  cursor: not-allowed;
  padding: 5px 16px;
  border-top-right-radius: 4px;
  border-bottom-right-radius: 4px;
  color: #fff;
  background-color: #134ae0;
}

.emotion-30:hover {
  color: #fff;
}

.emotion-30:active {
  -webkit-transition: none;
  transition: none;
  color: #fff;
}

.emotion-30:disabled {
  color: #fff;
}

.emotion-30:hover {
  background-color: #175ceb;
}

.emotion-30:active {
  -webkit-transition: none;
  transition: none;
  background-color: #083bc7;
}

.emotion-30:disabled {
  background-color: #99beff;
}

<div
  class="emotion-0"
  data-testid="test-button-group"
>
  <span
    class="emotion-1"
  >
    <button
      class="emotion-2"
    >
      <span
        class="emotion-3"
      >
        Hello
      </span>
    </button>
  </span>
  <span
    class="emotion-4"
  >
    <button
      class="emotion-5"
    >
      <span
        class="emotion-6"
      >
        <svg
          fill="currentColor"
          height="1em"
          stroke="currentColor"
          stroke-width="0"
          viewBox="0 0 16 16"
          width="1em"
          xmlns="http://www.w3.org/2000/svg"
        >
          <path
            d="M16 8.049c0-4.446-3.582-8.05-8-8.05C3.58 0-.002 3.603-.002 8.05c0 4.017 2.926 7.347 6.75 7.951v-5.625h-2.03V8.05H6.75V6.275c0-2.017 1.195-3.131 3.022-3.131.876 0 1.791.157 1.791.157v1.98h-1.009c-.993 0-1.303.621-1.303 1.258v1.51h2.218l-.354 2.326H9.25V16c3.824-.604 6.75-3.934 6.75-7.951z"
          />
        </svg>
      </span>
      <span
        class="emotion-3"
      >
        Hello
      </span>
    </button>
  </span>
  <span
    class="emotion-4"
  >
    <button
      class="emotion-5"
    >
      <span
        class="emotion-3"
      >
        Hello
      </span>
    </button>
  </span>
  <span
    class="emotion-4"
  >
    <button
      class="emotion-12"
    >
      <span
        class="emotion-6"
      >
        <svg
          fill="currentColor"
          height="1em"
          stroke="currentColor"
          stroke-width="0"
          viewBox="0 0 16 16"
          width="1em"
          xmlns="http://www.w3.org/2000/svg"
        >
          <path
            d="M16 8.049c0-4.446-3.582-8.05-8-8.05C3.58 0-.002 3.603-.002 8.05c0 4.017 2.926 7.347 6.75 7.951v-5.625h-2.03V8.05H6.75V6.275c0-2.017 1.195-3.131 3.022-3.131.876 0 1.791.157 1.791.157v1.98h-1.009c-.993 0-1.303.621-1.303 1.258v1.51h2.218l-.354 2.326H9.25V16c3.824-.604 6.75-3.934 6.75-7.951z"
          />
        </svg>
      </span>
      <span
        class="emotion-3"
      >
        Hello
      </span>
    </button>
  </span>
  <span
    class="emotion-4"
  >
    <button
      class="emotion-16"
      disabled=""
    >
      <span
        class="emotion-6"
      >
        <svg
          class="emotion-18"
          color="currentColor"
          fill="none"
          height="1em"
          viewBox="0 0 12 12"
          width="1em"
        >
          <title>
            LoadingIcon
          </title>
          <path
            d="M5.25.75A.75.75 0 0 1 6 0a6 6 0 1 1-6 6 .75.75 0 0 1 1.5 0A4.5 4.5 0 1 0 6 1.5a.75.75 0 0 1-.75-.75z"
            fill="currentColor"
          />
        </svg>
      </span>
      <span
        class="emotion-3"
      >
        Hello
      </span>
    </button>
  </span>
  <span
    class="emotion-4"
  >
    <button
      class="emotion-16"
      disabled=""
    >
      <span
        class="emotion-6"
      >
        <svg
          class="emotion-18"
          color="currentColor"
          fill="none"
          height="1em"
          viewBox="0 0 12 12"
          width="1em"
        >
          <title>
            LoadingIcon
          </title>
          <path
            d="M5.25.75A.75.75 0 0 1 6 0a6 6 0 1 1-6 6 .75.75 0 0 1 1.5 0A4.5 4.5 0 1 0 6 1.5a.75.75 0 0 1-.75-.75z"
            fill="currentColor"
          />
        </svg>
      </span>
      <span
        class="emotion-3"
      >
        Loading
      </span>
    </button>
  </span>
  <span
    class="emotion-4"
  >
    <button
      class="emotion-26"
      disabled=""
    >
      <span
        class="emotion-27"
      >
        <svg
          class="emotion-18"
          color="currentColor"
          fill="none"
          height="1em"
          viewBox="0 0 12 12"
          width="1em"
        >
          <title>
            LoadingIcon
          </title>
          <path
            d="M5.25.75A.75.75 0 0 1 6 0a6 6 0 1 1-6 6 .75.75 0 0 1 1.5 0A4.5 4.5 0 1 0 6 1.5a.75.75 0 0 1-.75-.75z"
            fill="currentColor"
          />
        </svg>
      </span>
    </button>
  </span>
  <span
    class="emotion-4"
  >
    <button
      class="emotion-30"
      disabled=""
    >
      <span
        class="emotion-3"
      >
        Text
      </span>
    </button>
  </span>
</div>
`;

exports[`Button Group renders with spacing 1`] = `
@keyframes animation-0 {
  0% {
    -webkit-transform: rotateZ(0deg);
    -moz-transform: rotateZ(0deg);
    -ms-transform: rotateZ(0deg);
    transform: rotateZ(0deg);
  }

  100% {
    -webkit-transform: rotateZ(360deg);
    -moz-transform: rotateZ(360deg);
    -ms-transform: rotateZ(360deg);
    transform: rotateZ(360deg);
  }
}

.emotion-0 {
  display: -webkit-inline-box;
  display: -webkit-inline-flex;
  display: -ms-inline-flexbox;
  display: inline-flex;
  -webkit-flex-direction: row;
  -ms-flex-direction: row;
  flex-direction: row;
  -webkit-align-items: center;
  -webkit-box-align: center;
  -ms-flex-align: center;
  align-items: center;
}

.emotion-1 {
  display: -webkit-inline-box;
  display: -webkit-inline-flex;
  display: -ms-inline-flexbox;
  display: inline-flex;
  margin-left: 0px;
}

.emotion-1:hover {
  z-index: 2;
}

.emotion-2 {
  -webkit-transition: color 200ms ease-in-out,background-color 200ms ease-in-out;
  transition: color 200ms ease-in-out,background-color 200ms ease-in-out;
  vertical-align: middle;
  white-space: nowrap;
  outline: none;
  border: 0;
  background-color: transparent;
  display: -webkit-inline-box;
  display: -webkit-inline-flex;
  display: -ms-inline-flexbox;
  display: inline-flex;
  -webkit-flex-direction: row;
  -ms-flex-direction: row;
  flex-direction: row;
  -webkit-align-items: center;
  -webkit-box-align: center;
  -ms-flex-align: center;
  align-items: center;
  cursor: pointer;
  padding: 5px 16px;
  border-radius: 8px;
  color: #fff;
  background-color: #134ae0;
}

.emotion-2:hover {
  color: #fff;
}

.emotion-2:active {
  -webkit-transition: none;
  transition: none;
  color: #fff;
}

.emotion-2:disabled {
  color: #fff;
}

.emotion-2:hover {
  background-color: #175ceb;
}

.emotion-2:active {
  -webkit-transition: none;
  transition: none;
  background-color: #083bc7;
}

.emotion-2:disabled {
  background-color: #99beff;
}

.emotion-3 {
  font-size: 14px;
  font-weight: normal;
  font-stretch: normal;
  font-style: normal;
  line-height: 22px;
  letter-spacing: normal;
}

.emotion-4 {
  display: -webkit-inline-box;
  display: -webkit-inline-flex;
  display: -ms-inline-flexbox;
  display: inline-flex;
  margin-left: 12px;
}

.emotion-4:hover {
  z-index: 2;
}

.emotion-6 {
  display: -webkit-inline-box;
  display: -webkit-inline-flex;
  display: -ms-inline-flexbox;
  display: inline-flex;
  -webkit-flex-direction: row;
  -ms-flex-direction: row;
  flex-direction: row;
  -webkit-align-items: center;
  -webkit-box-align: center;
  -ms-flex-align: center;
  align-items: center;
  font-size: 12px;
  margin-right: 8px;
}

.emotion-12 {
  -webkit-transition: color 200ms ease-in-out,background-color 200ms ease-in-out;
  transition: color 200ms ease-in-out,background-color 200ms ease-in-out;
  vertical-align: middle;
  white-space: nowrap;
  outline: none;
  border: 0;
  background-color: transparent;
  display: -webkit-inline-box;
  display: -webkit-inline-flex;
  display: -ms-inline-flexbox;
  display: inline-flex;
  -webkit-flex-direction: row;
  -ms-flex-direction: row;
  flex-direction: row;
  -webkit-align-items: center;
  -webkit-box-align: center;
  -ms-flex-align: center;
  align-items: center;
  cursor: pointer;
  padding: 4px 15px;
  border-radius: 8px;
  color: #134ae0;
  border: solid 1px #134ae0;
}

.emotion-12:hover {
  color: #175ceb;
}

.emotion-12:active {
  -webkit-transition: none;
  transition: none;
  color: #083bc7;
}

.emotion-12:disabled {
  color: #99beff;
}

.emotion-12:hover {
  border: solid 1px #175ceb;
}

.emotion-12:active {
  -webkit-transition: none;
  transition: none;
  border: solid 1px #083bc7;
}

.emotion-12:disabled {
  border: solid 1px #99beff;
}

.emotion-16 {
  -webkit-transition: color 200ms ease-in-out,background-color 200ms ease-in-out;
  transition: color 200ms ease-in-out,background-color 200ms ease-in-out;
  vertical-align: middle;
  white-space: nowrap;
  outline: none;
  border: 0;
  background-color: transparent;
  display: -webkit-inline-box;
  display: -webkit-inline-flex;
  display: -ms-inline-flexbox;
  display: inline-flex;
  -webkit-flex-direction: row;
  -ms-flex-direction: row;
  flex-direction: row;
  -webkit-align-items: center;
  -webkit-box-align: center;
  -ms-flex-align: center;
  align-items: center;
  cursor: default;
  padding: 5px 16px;
  border-radius: 8px;
  color: #fff;
  background-color: #134ae0;
}

.emotion-16:hover {
  color: #fff;
}

.emotion-16:active {
  -webkit-transition: none;
  transition: none;
  color: #fff;
}

.emotion-16:disabled {
  color: #fff;
}

.emotion-16:hover {
  background-color: #175ceb;
}

.emotion-16:active {
  -webkit-transition: none;
  transition: none;
  background-color: #083bc7;
}

.emotion-16:disabled {
  background-color: #99beff;
}

.emotion-18 {
  -webkit-animation: 1s linear infinite animation-0;
  animation: 1s linear infinite animation-0;
  vertical-align: middle;
}

.emotion-26 {
  -webkit-transition: color 200ms ease-in-out,background-color 200ms ease-in-out;
  transition: color 200ms ease-in-out,background-color 200ms ease-in-out;
  vertical-align: middle;
  white-space: nowrap;
  outline: none;
  border: 0;
  background-color: transparent;
  display: -webkit-inline-box;
  display: -webkit-inline-flex;
  display: -ms-inline-flexbox;
  display: inline-flex;
  -webkit-flex-direction: row;
  -ms-flex-direction: row;
  flex-direction: row;
  -webkit-align-items: center;
  -webkit-box-align: center;
  -ms-flex-align: center;
  align-items: center;
  cursor: default;
  -webkit-box-pack: center;
  -ms-flex-pack: center;
  -webkit-justify-content: center;
  justify-content: center;
  width: 32px;
  height: 32px;
  font-size: 12px;
  border-radius: 8px;
  color: #fff;
  background-color: #134ae0;
}

.emotion-26:hover {
  color: #fff;
}

.emotion-26:active {
  -webkit-transition: none;
  transition: none;
  color: #fff;
}

.emotion-26:disabled {
  color: #fff;
}

.emotion-26:hover {
  background-color: #175ceb;
}

.emotion-26:active {
  -webkit-transition: none;
  transition: none;
  background-color: #083bc7;
}

.emotion-26:disabled {
  background-color: #99beff;
}

.emotion-27 {
  display: -webkit-inline-box;
  display: -webkit-inline-flex;
  display: -ms-inline-flexbox;
  display: inline-flex;
  -webkit-flex-direction: row;
  -ms-flex-direction: row;
  flex-direction: row;
  -webkit-align-items: center;
  -webkit-box-align: center;
  -ms-flex-align: center;
  align-items: center;
  -webkit-box-pack: center;
  -ms-flex-pack: center;
  -webkit-justify-content: center;
  justify-content: center;
}

.emotion-30 {
  -webkit-transition: color 200ms ease-in-out,background-color 200ms ease-in-out;
  transition: color 200ms ease-in-out,background-color 200ms ease-in-out;
  vertical-align: middle;
  white-space: nowrap;
  outline: none;
  border: 0;
  background-color: transparent;
  display: -webkit-inline-box;
  display: -webkit-inline-flex;
  display: -ms-inline-flexbox;
  display: inline-flex;
  -webkit-flex-direction: row;
  -ms-flex-direction: row;
  flex-direction: row;
  -webkit-align-items: center;
  -webkit-box-align: center;
  -ms-flex-align: center;
  align-items: center;
  cursor: not-allowed;
  padding: 5px 16px;
  border-radius: 8px;
  color: #fff;
  background-color: #134ae0;
}

.emotion-30:hover {
  color: #fff;
}

.emotion-30:active {
  -webkit-transition: none;
  transition: none;
  color: #fff;
}

.emotion-30:disabled {
  color: #fff;
}

.emotion-30:hover {
  background-color: #175ceb;
}

.emotion-30:active {
  -webkit-transition: none;
  transition: none;
  background-color: #083bc7;
}

.emotion-30:disabled {
  background-color: #99beff;
}

<div
  class="emotion-0"
  data-testid="test-button-group"
>
  <span
    class="emotion-1"
  >
    <button
      class="emotion-2"
    >
      <span
        class="emotion-3"
      >
        Hello
      </span>
    </button>
  </span>
  <span
    class="emotion-4"
  >
    <button
      class="emotion-2"
    >
      <span
        class="emotion-6"
      >
        <svg
          fill="currentColor"
          height="1em"
          stroke="currentColor"
          stroke-width="0"
          viewBox="0 0 16 16"
          width="1em"
          xmlns="http://www.w3.org/2000/svg"
        >
          <path
            d="M16 8.049c0-4.446-3.582-8.05-8-8.05C3.58 0-.002 3.603-.002 8.05c0 4.017 2.926 7.347 6.75 7.951v-5.625h-2.03V8.05H6.75V6.275c0-2.017 1.195-3.131 3.022-3.131.876 0 1.791.157 1.791.157v1.98h-1.009c-.993 0-1.303.621-1.303 1.258v1.51h2.218l-.354 2.326H9.25V16c3.824-.604 6.75-3.934 6.75-7.951z"
          />
        </svg>
      </span>
      <span
        class="emotion-3"
      >
        Hello
      </span>
    </button>
  </span>
  <span
    class="emotion-4"
  >
    <button
      class="emotion-2"
    >
      <span
        class="emotion-3"
      >
        Hello
      </span>
    </button>
  </span>
  <span
    class="emotion-4"
  >
    <button
      class="emotion-12"
    >
      <span
        class="emotion-6"
      >
        <svg
          fill="currentColor"
          height="1em"
          stroke="currentColor"
          stroke-width="0"
          viewBox="0 0 16 16"
          width="1em"
          xmlns="http://www.w3.org/2000/svg"
        >
          <path
            d="M16 8.049c0-4.446-3.582-8.05-8-8.05C3.58 0-.002 3.603-.002 8.05c0 4.017 2.926 7.347 6.75 7.951v-5.625h-2.03V8.05H6.75V6.275c0-2.017 1.195-3.131 3.022-3.131.876 0 1.791.157 1.791.157v1.98h-1.009c-.993 0-1.303.621-1.303 1.258v1.51h2.218l-.354 2.326H9.25V16c3.824-.604 6.75-3.934 6.75-7.951z"
          />
        </svg>
      </span>
      <span
        class="emotion-3"
      >
        Hello
      </span>
    </button>
  </span>
  <span
    class="emotion-4"
  >
    <button
      class="emotion-16"
      disabled=""
    >
      <span
        class="emotion-6"
      >
        <svg
          class="emotion-18"
          color="currentColor"
          fill="none"
          height="1em"
          viewBox="0 0 12 12"
          width="1em"
        >
          <title>
            LoadingIcon
          </title>
          <path
            d="M5.25.75A.75.75 0 0 1 6 0a6 6 0 1 1-6 6 .75.75 0 0 1 1.5 0A4.5 4.5 0 1 0 6 1.5a.75.75 0 0 1-.75-.75z"
            fill="currentColor"
          />
        </svg>
      </span>
      <span
        class="emotion-3"
      >
        Hello
      </span>
    </button>
  </span>
  <span
    class="emotion-4"
  >
    <button
      class="emotion-16"
      disabled=""
    >
      <span
        class="emotion-6"
      >
        <svg
          class="emotion-18"
          color="currentColor"
          fill="none"
          height="1em"
          viewBox="0 0 12 12"
          width="1em"
        >
          <title>
            LoadingIcon
          </title>
          <path
            d="M5.25.75A.75.75 0 0 1 6 0a6 6 0 1 1-6 6 .75.75 0 0 1 1.5 0A4.5 4.5 0 1 0 6 1.5a.75.75 0 0 1-.75-.75z"
            fill="currentColor"
          />
        </svg>
      </span>
      <span
        class="emotion-3"
      >
        Loading
      </span>
    </button>
  </span>
  <span
    class="emotion-4"
  >
    <button
      class="emotion-26"
      disabled=""
    >
      <span
        class="emotion-27"
      >
        <svg
          class="emotion-18"
          color="currentColor"
          fill="none"
          height="1em"
          viewBox="0 0 12 12"
          width="1em"
        >
          <title>
            LoadingIcon
          </title>
          <path
            d="M5.25.75A.75.75 0 0 1 6 0a6 6 0 1 1-6 6 .75.75 0 0 1 1.5 0A4.5 4.5 0 1 0 6 1.5a.75.75 0 0 1-.75-.75z"
            fill="currentColor"
          />
        </svg>
      </span>
    </button>
  </span>
  <span
    class="emotion-4"
  >
    <button
      class="emotion-30"
      disabled=""
    >
      <span
        class="emotion-3"
      >
        Text
      </span>
    </button>
  </span>
</div>
`;
