// Jest Snapshot v1, https://goo.gl/fbAQLP

exports[`Space renders with different align 1`] = `
<DocumentFragment>
  .emotion-0 {
  display: -webkit-inline-box;
  display: -webkit-inline-flex;
  display: -ms-inline-flexbox;
  display: inline-flex;
  vertical-align: middle;
  -webkit-flex-direction: row;
  -ms-flex-direction: row;
  flex-direction: row;
  -webkit-align-items: start;
  -webkit-box-align: start;
  -ms-flex-align: start;
  align-items: start;
  -webkit-box-flex-wrap: nowrap;
  -webkit-flex-wrap: nowrap;
  -ms-flex-wrap: nowrap;
  flex-wrap: nowrap;
}

.emotion-1 {
  height: 100%;
  display: -webkit-inline-box;
  display: -webkit-inline-flex;
  display: -ms-inline-flexbox;
  display: inline-flex;
  margin-right: 8px;
  margin-bottom: 0px;
}

.emotion-2 {
  height: 100%;
  display: -webkit-inline-box;
  display: -webkit-inline-flex;
  display: -ms-inline-flexbox;
  display: inline-flex;
  margin-right: 0px;
  margin-bottom: 0px;
}

<div
    class="emotion-0"
  >
    <div
      class="emotion-1"
    >
      <span>
        A
      </span>
    </div>
    <div
      class="emotion-2"
    >
      <span>
        B
      </span>
    </div>
  </div>
</DocumentFragment>
`;

exports[`Space renders with different align 2`] = `
<DocumentFragment>
  .emotion-0 {
  display: -webkit-inline-box;
  display: -webkit-inline-flex;
  display: -ms-inline-flexbox;
  display: inline-flex;
  vertical-align: middle;
  -webkit-flex-direction: row;
  -ms-flex-direction: row;
  flex-direction: row;
  -webkit-align-items: center;
  -webkit-box-align: center;
  -ms-flex-align: center;
  align-items: center;
  -webkit-box-flex-wrap: nowrap;
  -webkit-flex-wrap: nowrap;
  -ms-flex-wrap: nowrap;
  flex-wrap: nowrap;
}

.emotion-1 {
  height: 100%;
  display: -webkit-inline-box;
  display: -webkit-inline-flex;
  display: -ms-inline-flexbox;
  display: inline-flex;
  margin-right: 8px;
  margin-bottom: 0px;
}

.emotion-2 {
  height: 100%;
  display: -webkit-inline-box;
  display: -webkit-inline-flex;
  display: -ms-inline-flexbox;
  display: inline-flex;
  margin-right: 0px;
  margin-bottom: 0px;
}

<div
    class="emotion-0"
  >
    <div
      class="emotion-1"
    >
      <span>
        A
      </span>
    </div>
    <div
      class="emotion-2"
    >
      <span>
        B
      </span>
    </div>
  </div>
</DocumentFragment>
`;

exports[`Space renders with different align 3`] = `
<DocumentFragment>
  .emotion-0 {
  display: -webkit-inline-box;
  display: -webkit-inline-flex;
  display: -ms-inline-flexbox;
  display: inline-flex;
  vertical-align: middle;
  -webkit-flex-direction: row;
  -ms-flex-direction: row;
  flex-direction: row;
  -webkit-align-items: end;
  -webkit-box-align: end;
  -ms-flex-align: end;
  align-items: end;
  -webkit-box-flex-wrap: nowrap;
  -webkit-flex-wrap: nowrap;
  -ms-flex-wrap: nowrap;
  flex-wrap: nowrap;
}

.emotion-1 {
  height: 100%;
  display: -webkit-inline-box;
  display: -webkit-inline-flex;
  display: -ms-inline-flexbox;
  display: inline-flex;
  margin-right: 8px;
  margin-bottom: 0px;
}

.emotion-2 {
  height: 100%;
  display: -webkit-inline-box;
  display: -webkit-inline-flex;
  display: -ms-inline-flexbox;
  display: inline-flex;
  margin-right: 0px;
  margin-bottom: 0px;
}

<div
    class="emotion-0"
  >
    <div
      class="emotion-1"
    >
      <span>
        A
      </span>
    </div>
    <div
      class="emotion-2"
    >
      <span>
        B
      </span>
    </div>
  </div>
</DocumentFragment>
`;

exports[`Space renders with different align 4`] = `
<DocumentFragment>
  .emotion-0 {
  display: -webkit-inline-box;
  display: -webkit-inline-flex;
  display: -ms-inline-flexbox;
  display: inline-flex;
  vertical-align: middle;
  -webkit-flex-direction: row;
  -ms-flex-direction: row;
  flex-direction: row;
  -webkit-align-items: baseline;
  -webkit-box-align: baseline;
  -ms-flex-align: baseline;
  align-items: baseline;
  -webkit-box-flex-wrap: nowrap;
  -webkit-flex-wrap: nowrap;
  -ms-flex-wrap: nowrap;
  flex-wrap: nowrap;
}

.emotion-1 {
  height: 100%;
  display: -webkit-inline-box;
  display: -webkit-inline-flex;
  display: -ms-inline-flexbox;
  display: inline-flex;
  margin-right: 8px;
  margin-bottom: 0px;
}

.emotion-2 {
  height: 100%;
  display: -webkit-inline-box;
  display: -webkit-inline-flex;
  display: -ms-inline-flexbox;
  display: inline-flex;
  margin-right: 0px;
  margin-bottom: 0px;
}

<div
    class="emotion-0"
  >
    <div
      class="emotion-1"
    >
      <span>
        A
      </span>
    </div>
    <div
      class="emotion-2"
    >
      <span>
        B
      </span>
    </div>
  </div>
</DocumentFragment>
`;

exports[`Space renders with divider 1`] = `
<DocumentFragment>
  .emotion-0 {
  display: -webkit-inline-box;
  display: -webkit-inline-flex;
  display: -ms-inline-flexbox;
  display: inline-flex;
  vertical-align: middle;
  -webkit-flex-direction: row;
  -ms-flex-direction: row;
  flex-direction: row;
  -webkit-align-items: center;
  -webkit-box-align: center;
  -ms-flex-align: center;
  align-items: center;
  -webkit-box-flex-wrap: nowrap;
  -webkit-flex-wrap: nowrap;
  -ms-flex-wrap: nowrap;
  flex-wrap: nowrap;
}

.emotion-1 {
  height: 100%;
  display: -webkit-inline-box;
  display: -webkit-inline-flex;
  display: -ms-inline-flexbox;
  display: inline-flex;
  margin-right: 8px;
  margin-bottom: 0px;
}

.emotion-2 {
  display: flex;
  width: 100%;
  -webkit-align-items: center;
  -webkit-box-align: center;
  -ms-flex-align: center;
  align-items: center;
  color: #e5e6eb;
}

.emotion-2 span {
  padding: 0 16px;
}

.emotion-4 {
  display: inline-flex;
  vertical-align: middle;
  border-width: 0 0 0 1px;
  border-image: initial;
  border-style: solid;
  height: 1em;
}

.emotion-5 {
  height: 100%;
  display: -webkit-inline-box;
  display: -webkit-inline-flex;
  display: -ms-inline-flexbox;
  display: inline-flex;
  margin-right: 0px;
  margin-bottom: 0px;
}

<div
    class="emotion-0"
  >
    <div
      class="emotion-1"
    >
      <span>
        A
      </span>
    </div>
    <div
      class="emotion-2"
    >
      <div
        class="emotion-1 emotion-4"
      />
    </div>
    <div
      class="emotion-5"
    >
      <span>
        B
      </span>
    </div>
  </div>
</DocumentFragment>
`;

exports[`Space renders with wrap 1`] = `
<DocumentFragment>
  .emotion-0 {
  display: -webkit-inline-box;
  display: -webkit-inline-flex;
  display: -ms-inline-flexbox;
  display: inline-flex;
  vertical-align: middle;
  -webkit-flex-direction: row;
  -ms-flex-direction: row;
  flex-direction: row;
  -webkit-align-items: center;
  -webkit-box-align: center;
  -ms-flex-align: center;
  align-items: center;
  -webkit-box-flex-wrap: wrap;
  -webkit-flex-wrap: wrap;
  -ms-flex-wrap: wrap;
  flex-wrap: wrap;
}

.emotion-1 {
  height: 100%;
  display: -webkit-inline-box;
  display: -webkit-inline-flex;
  display: -ms-inline-flexbox;
  display: inline-flex;
  margin-right: 8px;
  margin-bottom: 8px;
}

.emotion-6 {
  height: 100%;
  display: -webkit-inline-box;
  display: -webkit-inline-flex;
  display: -ms-inline-flexbox;
  display: inline-flex;
  margin-right: 0px;
  margin-bottom: 8px;
}

<div
    class="emotion-0"
  >
    <div
      class="emotion-1"
    >
      <span>
        A
      </span>
    </div>
    <div
      class="emotion-1"
    >
      <span>
        B
      </span>
    </div>
    <div
      class="emotion-1"
    >
      <span>
        C
      </span>
    </div>
    <div
      class="emotion-1"
    >
      <span>
        D
      </span>
    </div>
    <div
      class="emotion-1"
    >
      <span>
        E
      </span>
    </div>
    <div
      class="emotion-6"
    >
      <span>
        F
      </span>
    </div>
  </div>
</DocumentFragment>
`;
