// Jest Snapshot v1, https://goo.gl/fbAQLP

exports[`Menu renders with horizontal selected 1`] = `
.emotion-0 {
  position: relative;
  -webkit-transition: width 0.2s ease-in-out;
  transition: width 0.2s ease-in-out;
  background-color: #fff;
}

.emotion-1 {
  overflow: auto;
  width: 100%;
  height: 100%;
}

.emotion-2 {
  display: -webkit-box;
  display: -webkit-flex;
  display: -ms-flexbox;
  display: flex;
  padding: 0 24px;
  font-size: 14px;
  color: #787e85;
  line-height: 40px;
  margin-bottom: 8px;
  cursor: not-allowed;
  color: #bbc0c9;
  color: #134ae0;
  background-color: #f2f3f5;
}

.emotion-3 {
  overflow: hidden;
  white-space: nowrap;
  text-overflow: ellipsis;
}

.emotion-4 {
  display: -webkit-box;
  display: -webkit-flex;
  display: -ms-flexbox;
  display: flex;
  padding: 0 24px;
  font-size: 14px;
  color: #787e85;
  line-height: 40px;
  margin-bottom: 8px;
}

.emotion-4:hover {
  cursor: pointer;
  background-color: #f2f3f5;
}

<div
  class="emotion-0"
  data-testid="menu"
>
  <div
    class="emotion-1"
  >
    <div
      class="emotion-2"
    >
      <div
        class="emotion-3"
      >
        Blog
      </div>
    </div>
    <div
      class="emotion-4"
    >
      <div
        class="emotion-3"
      >
        Tutorial
      </div>
    </div>
    <div
      class="emotion-4"
    >
      <div
        class="emotion-3"
      >
        Docs
      </div>
    </div>
    <div
      class="emotion-4"
    >
      <div
        class="emotion-3"
      >
        Community
      </div>
    </div>
    <div
      class="emotion-4"
    >
      <div
        class="emotion-3"
      >
        Github
      </div>
    </div>
  </div>
</div>
`;
